// Jest Snapshot v1, https://goo.gl/fbAQLP

exports[`dashboard displays when logged 1`] = `
"<div data-reactroot=\\"\\">
  <div>
    <div style=\\"padding-top:50px;padding-bottom:20px\\">
      <nav class=\\"navbar navbar-inverse navbar-fixed-top\\">
        <div class=\\"container\\">
          <div class=\\"navbar-header\\">
            <button type=\\"button\\" class=\\"navbar-toggle collapsed\\" data-toggle=\\"collapse\\" data-target=\\"#navbar\\" aria-expanded=\\"false\\" aria-controls=\\"navbar\\"><span class=\\"sr-only\\">Toggle navigation</span><span class=\\"icon-bar\\"></span><span class=\\"icon-bar\\"></span><span class=\\"icon-bar\\"></span></button>
            <a class=\\"navbar-brand\\" href=\\"/\\">Sorters Club</a>
          </div>
          <div id=\\"navbar\\" class=\\"collapse navbar-collapse\\">
            <ul class=\\"nav navbar-nav navbar-right\\">
              <li>
                <a href=\\"/\\">Home</a>
              </li>
              <li>
                <a href=\\"/about\\">About</a>
              </li>
              <li>
                <a href=\\"/news\\">News</a>
              </li>
              <li>
                <a href=\\"/users\\">Sorters</a>
              </li>
              <li class=\\"dropdownundefined\\">
                <a href=\\"#\\" class=\\"dropdown-toggle\\" data-toggle=\\"dropdown\\" role=\\"button\\" aria-haspopup=\\"true\\" aria-expanded=\\"true\\">Hello, test <span class=\\"caret\\"></span></a>
              </li>
            </ul>
          </div>
        </div>
      </nav>
    </div>
    <div class=\\"container\\">
      <div>
        <h1>Account</h1>
        <ul class=\\"nav nav-tabs\\">
          <li role=\\"presentation\\" class=\\"active\\">
            <a href=\\"/account\\">&#x2302; Dashboard</a>
          </li>
          <li role=\\"presentation\\">
            <a href=\\"/account/profile\\">&#x1F464; Profile</a>
          </li>
          <li role=\\"presentation\\">
            <a href=\\"/account/goals\\">&#x25CE; Goals</a>
          </li>
          <li role=\\"presentation\\">
            <a href=\\"/account/journal\\">&#x270E; Journal</a>
          </li>
          <li role=\\"presentation\\">
            <a href=\\"/account/topics\\">&#x1F4A1; Topics</a>
          </li>
          <li role=\\"presentation\\">
            <a href=\\"/account/essays\\">&#x270E; Essays</a>
          </li>
          <li role=\\"presentation\\">
            <a href=\\"/account/speeches\\">&#x1F444; Speeches</a>
          </li>
          <li role=\\"presentation\\">
            <a href=\\"/account/conversations\\">&#x1F5E9; Conversations</a>
          </li>
          <li role=\\"presentation\\">
            <a href=\\"/account/reads\\">&#x1F4D6; Reading List</a>
          </li>
          <li role=\\"presentation\\">
            <a href=\\"/account/account\\">&#x2699; Account</a>
          </li>
        </ul>
      </div>
      <h2>Dashboard</h2>
      <p>Your profile can be found at
        <a href=\\"/u/test\\">/u/test</a>.</p>
      <div class=\\"alert alert-info\\">
        <p>Thank you for joining sorters club! This is your dashboard. As the platform develops, you will find more features here.</p>
      </div>
      <div class=\\"row\\">
        <div class=\\"col-md-4\\">
          <div class=\\"panel panel-default\\">
            <div class=\\"panel-heading\\">
              <h3 class=\\"panel-title\\">
                <a href=\\"/account/profile\\" target=\\"_blank\\">&#x1F464; Profile</a>
              </h3>
            </div>
            <div class=\\"panel-body\\">
              <p>Edit your public profile.</p>
              <a class=\\"btn btn-default\\" href=\\"/account/profile\\" role=\\"button\\">Manage profile</a>
            </div>
          </div>
        </div>
        <div class=\\"col-md-4\\">
          <div class=\\"panel panel-default\\">
            <div class=\\"panel-heading\\">
              <h3 class=\\"panel-title\\">
                <a href=\\"/account/goals\\" target=\\"_blank\\">&#x25CE; Goals</a>
              </h3>
            </div>
            <div class=\\"panel-body\\">
              <p>Share your goals and leave updates.</p>
              <a class=\\"btn btn-default\\" href=\\"/account/goals\\" role=\\"button\\">Manage goals</a>
            </div>
          </div>
        </div>
        <div class=\\"col-md-4\\">
          <div class=\\"panel panel-default\\">
            <div class=\\"panel-heading\\">
              <h3 class=\\"panel-title\\">
                <a href=\\"/account/journal\\" target=\\"_blank\\">&#x270E; Journal</a>
              </h3>
            </div>
            <div class=\\"panel-body\\">
              <p>Write updates about your goals.</p>
              <a class=\\"btn btn-default\\" href=\\"/account/journal\\" role=\\"button\\">Manage Journal</a>
            </div>
          </div>
        </div>
      </div>
      <div class=\\"row\\">
        <div class=\\"col-md-4\\">
          <div class=\\"panel panel-default\\">
            <div class=\\"panel-heading\\">
              <h3 class=\\"panel-title\\">
                <a href=\\"/account/topics\\" target=\\"_blank\\"><span>&#x1F4A1; Topics <span class=\\"badge pull-right\\">new</span></span>
                </a>
              </h3>
            </div>
            <div class=\\"panel-body\\">
              <p>Share what topics you are interested in.</p>
              <a class=\\"btn btn-default\\" href=\\"/account/topics\\" role=\\"button\\">Manage Topics</a>
            </div>
          </div>
        </div>
        <div class=\\"col-md-4\\">
          <div class=\\"panel panel-default\\">
            <div class=\\"panel-heading\\">
              <h3 class=\\"panel-title\\">
                <a href=\\"/account/essays\\" target=\\"_blank\\"><span>&#x270E; Essays <span class=\\"badge pull-right\\">new</span></span>
                </a>
              </h3>
            </div>
            <div class=\\"panel-body\\">
              <p>Write essays about the topics you are interested in or about the books you read.</p>
              <a class=\\"btn btn-default\\" href=\\"/account/essays\\" role=\\"button\\">Manage Essays</a>
            </div>
          </div>
        </div>
        <div class=\\"col-md-4\\">
          <div class=\\"panel panel-default\\">
            <div class=\\"panel-heading\\">
              <h3 class=\\"panel-title\\">
                <a href=\\"/account/speeches\\" target=\\"_blank\\"><span>&#x1F444; Speeches <span class=\\"badge pull-right\\">new</span></span>
                </a>
              </h3>
            </div>
            <div class=\\"panel-body\\">
              <p>Give speeches about the topics you are interested in or about the books you read.</p>
              <a class=\\"btn btn-default\\" href=\\"/account/speeches\\" role=\\"button\\">Manage Speeches</a>
            </div>
          </div>
        </div>
      </div>
      <div class=\\"row\\">
        <div class=\\"col-md-4\\">
          <div class=\\"panel panel-default\\">
            <div class=\\"panel-heading\\">
              <h3 class=\\"panel-title\\">
                <a href=\\"/account/conversations\\" target=\\"_blank\\"><span>&#x1F5E9; Conversations <span class=\\"badge pull-right\\">new</span></span>
                </a>
              </h3>
            </div>
            <div class=\\"panel-body\\">
              <p>Have conversations with other sorters about topics you are interested in.</p>
              <a class=\\"btn btn-default\\" href=\\"/account/conversations\\" role=\\"button\\">Start Conversations</a>
            </div>
          </div>
        </div>
        <div class=\\"col-md-4\\">
          <div class=\\"panel panel-default\\">
            <div class=\\"panel-heading\\">
              <h3 class=\\"panel-title\\">
                <a href=\\"/account/reads\\" target=\\"_blank\\">&#x1F4D6; Reading list</a>
              </h3>
            </div>
            <div class=\\"panel-body\\">
              <p>Create a list of things you read and intend to read.</p>
              <a class=\\"btn btn-default\\" href=\\"/account/reads\\" role=\\"button\\">Manage Reading List</a>
            </div>
          </div>
        </div>
        <div class=\\"col-md-4\\">
          <div class=\\"panel panel-default\\">
            <div class=\\"panel-heading\\">
              <h3 class=\\"panel-title\\">
                <a href=\\"/account/news\\" target=\\"_blank\\">&#x1F46B; Sorters</a>
              </h3>
            </div>
            <div class=\\"panel-body\\">
              <p>See what other sorters are doing.</p>
              <a class=\\"btn btn-default\\" href=\\"/account/news\\" role=\\"button\\">Sorters</a>
            </div>
          </div>
        </div>
      </div>
      <div class=\\"row\\">
        <div class=\\"col-md-4\\">
          <div class=\\"panel panel-default\\">
            <div class=\\"panel-heading\\">
              <h3 class=\\"panel-title\\">
                <a href=\\"https://discord.gg/6Q8v9Sm\\" target=\\"_blank\\">&#x1F5E9; Chat</a>
              </h3>
            </div>
            <div class=\\"panel-body\\">
              <p>Chat with other sorters (a Discord channel).</p>
              <a class=\\"btn btn-default\\" href=\\"https://discord.gg/6Q8v9Sm\\" target=\\"_blank\\" role=\\"button\\">Chat</a>
            </div>
          </div>
        </div>
        <div class=\\"col-md-4\\">
          <div class=\\"panel panel-default\\">
            <div class=\\"panel-heading\\">
              <h3 class=\\"panel-title\\">
                <a href=\\"/account/account\\" target=\\"_blank\\">&#x2699; Account</a>
              </h3>
            </div>
            <div class=\\"panel-body\\">
              <p>Set your username, password etc.</p>
              <a class=\\"btn btn-default\\" href=\\"/account/account\\" role=\\"button\\">Manage Account</a>
            </div>
          </div>
        </div>
      </div>
    </div>
    <footer>
      <div class=\\"container\\">
        <hr>
        <p>Brought to you with &#x2764; by
          <a href=\\"/about\\">Nick Redmark</a>. Support this platform on
          <a href=\\"https://www.patreon.com/nickredmark\\" target=\\"_blank\\">Patreon</a>.</p>
      </div>
    </footer>
  </div>
</div>"
`;

exports[`dashboard redirects when unlogged 1`] = `
"<div data-reactroot=\\"\\">
  <div>
    <div style=\\"padding-top:50px;padding-bottom:20px\\">
      <nav class=\\"navbar navbar-inverse navbar-fixed-top\\">
        <div class=\\"container\\">
          <div class=\\"navbar-header\\">
            <button type=\\"button\\" class=\\"navbar-toggle collapsed\\" data-toggle=\\"collapse\\" data-target=\\"#navbar\\" aria-expanded=\\"false\\" aria-controls=\\"navbar\\"><span class=\\"sr-only\\">Toggle navigation</span><span class=\\"icon-bar\\"></span><span class=\\"icon-bar\\"></span><span class=\\"icon-bar\\"></span></button>
            <a class=\\"navbar-brand\\" href=\\"/\\">Sorters Club</a>
          </div>
          <div id=\\"navbar\\" class=\\"collapse navbar-collapse\\">
            <ul class=\\"nav navbar-nav navbar-right\\">
              <li>
                <a href=\\"/\\">Home</a>
              </li>
              <li>
                <a href=\\"/about\\">About</a>
              </li>
              <li>
                <a href=\\"/news\\">News</a>
              </li>
              <li>
                <a href=\\"/users\\">Sorters</a>
              </li>
              <li>
                <a href=\\"/login\\">Log in</a>
              </li>
              <li>
                <a href=\\"/register\\">Register</a>
              </li>
            </ul>
          </div>
        </div>
      </nav>
    </div>
    <div class=\\"container\\">
      <p>You need to log in to see this page.</p>
    </div>
    <footer>
      <div class=\\"container\\">
        <hr>
        <p>Brought to you with &#x2764; by
          <a href=\\"/about\\">Nick Redmark</a>. Support this platform on
          <a href=\\"https://www.patreon.com/nickredmark\\" target=\\"_blank\\">Patreon</a>.</p>
      </div>
    </footer>
  </div>
</div>"
`;
