// Jest Snapshot v1, https://goo.gl/fbAQLP

exports[`dashboard displays when logged 1`] = `
"<div data-reactroot=\\"\\" data-reactid=\\"1\\" data-react-checksum=\\"1484993998\\">
  <div data-reactid=\\"2\\">
    <!-- react-empty: 3 -->
    <div style=\\"padding-top:50px;padding-bottom:20px;\\" data-reactid=\\"4\\">
      <nav class=\\"navbar navbar-inverse navbar-fixed-top\\" data-reactid=\\"5\\">
        <div class=\\"container\\" data-reactid=\\"6\\">
          <div class=\\"navbar-header\\" data-reactid=\\"7\\">
            <button type=\\"button\\" class=\\"navbar-toggle collapsed\\" data-toggle=\\"collapse\\" data-target=\\"#navbar\\" aria-expanded=\\"false\\" aria-controls=\\"navbar\\" data-reactid=\\"8\\"><span class=\\"sr-only\\" data-reactid=\\"9\\">Toggle navigation</span><span class=\\"icon-bar\\" data-reactid=\\"10\\"></span><span class=\\"icon-bar\\" data-reactid=\\"11\\"></span><span class=\\"icon-bar\\" data-reactid=\\"12\\"></span></button>
            <a class=\\"navbar-brand\\"
              href=\\"/\\" data-reactid=\\"13\\">Sorters Club</a>
          </div>
          <div id=\\"navbar\\" class=\\"collapse navbar-collapse\\" data-reactid=\\"14\\">
            <ul class=\\"nav navbar-nav navbar-right\\" data-reactid=\\"15\\">
              <li class=\\"false\\" data-reactid=\\"16\\">
                <a href=\\"/\\" data-reactid=\\"17\\">Home</a>
              </li>
              <li class=\\"false\\" data-reactid=\\"18\\">
                <a href=\\"/about\\" data-reactid=\\"19\\">About</a>
              </li>
              <li class=\\"false\\" data-reactid=\\"20\\">
                <a href=\\"/news\\" data-reactid=\\"21\\">News</a>
              </li>
              <li class=\\"false\\" data-reactid=\\"22\\">
                <a href=\\"/users\\" data-reactid=\\"23\\">Sorters</a>
              </li>
              <li class=\\"active\\" data-reactid=\\"24\\">
                <a href=\\"/dashboard\\" data-reactid=\\"25\\">Dashboard</a>
              </li>
              <li class=\\"dropdownfalse\\" data-reactid=\\"26\\">
                <a href=\\"#\\" class=\\"dropdown-toggle\\" data-toggle=\\"dropdown\\" role=\\"button\\" aria-haspopup=\\"true\\" aria-expanded=\\"true\\" data-reactid=\\"27\\">
                  <!-- react-text: 28 -->Hello,
                  <!-- /react-text -->
                  <!-- react-text: 29 -->test
                  <!-- /react-text -->
                  <!-- react-text: 30 -->
                  <!-- /react-text --><span class=\\"caret\\" data-reactid=\\"31\\"></span></a>
              </li>
            </ul>
          </div>
        </div>
      </nav>
    </div>
    <div class=\\"container\\" data-reactid=\\"32\\">
      <h1 data-reactid=\\"33\\">Dashboard</h1>
      <p data-reactid=\\"34\\">
        <!-- react-text: 35 -->Your profile can be found at
        <!-- /react-text -->
        <a href=\\"/u/test\\" data-reactid=\\"36\\">/u/test</a>
        <!-- react-text: 37 -->.
        <!-- /react-text -->
      </p>
      <div class=\\"alert alert-info\\" data-reactid=\\"38\\">
        <p data-reactid=\\"39\\">Thank you for joining sorters club! This is your dashboard. As the platform develops, you will find more features here.</p>
      </div>
      <div class=\\"row\\" data-reactid=\\"40\\">
        <div class=\\"col-md-4\\" data-reactid=\\"41\\">
          <div class=\\"panel panel-default\\" data-reactid=\\"42\\">
            <div class=\\"panel-heading\\" data-reactid=\\"43\\">
              <h3 class=\\"panel-title\\" data-reactid=\\"44\\">
                <a href=\\"/profile\\" data-reactid=\\"45\\">&#x1F464; Profile</a>
              </h3>
            </div>
            <div class=\\"panel-body\\" data-reactid=\\"46\\">
              <p data-reactid=\\"47\\">Edit your public profile that can be seen by others.</p>
              <a class=\\"btn btn-default\\" href=\\"/profile\\" role=\\"button\\" data-reactid=\\"48\\">Manage profile</a>
            </div>
          </div>
        </div>
        <div class=\\"col-md-4\\" data-reactid=\\"49\\">
          <div class=\\"panel panel-default\\" data-reactid=\\"50\\">
            <div class=\\"panel-heading\\" data-reactid=\\"51\\">
              <h3 class=\\"panel-title\\" data-reactid=\\"52\\">
                <a href=\\"/goals\\" data-reactid=\\"53\\">&#x25CE; Goals</a>
              </h3>
            </div>
            <div class=\\"panel-body\\" data-reactid=\\"54\\">
              <p data-reactid=\\"55\\">Share your goals and leave updates.</p>
              <a class=\\"btn btn-default\\" href=\\"/goals\\" role=\\"button\\" data-reactid=\\"56\\">Manage goals</a>
            </div>
          </div>
        </div>
        <div class=\\"col-md-4\\" data-reactid=\\"57\\">
          <div class=\\"panel panel-default\\" data-reactid=\\"58\\">
            <div class=\\"panel-heading\\" data-reactid=\\"59\\">
              <h3 class=\\"panel-title\\" data-reactid=\\"60\\">
                <a href=\\"/journal\\" data-reactid=\\"61\\">&#x270E; Journal</a>
              </h3>
            </div>
            <div class=\\"panel-body\\" data-reactid=\\"62\\">
              <p data-reactid=\\"63\\">Write updates about your goals.</p>
              <a class=\\"btn btn-default\\" href=\\"/journal\\" role=\\"button\\" data-reactid=\\"64\\">Manage Journal</a>
            </div>
          </div>
        </div>
      </div>
      <div class=\\"row\\" data-reactid=\\"65\\">
        <div class=\\"col-md-4\\" data-reactid=\\"66\\">
          <div class=\\"panel panel-default\\" data-reactid=\\"67\\">
            <div class=\\"panel-heading\\" data-reactid=\\"68\\">
              <h3 class=\\"panel-title\\" data-reactid=\\"69\\">
                <a href=\\"/reads\\" data-reactid=\\"70\\">&#x1F4D6; Reading list</a>
              </h3>
            </div>
            <div class=\\"panel-body\\" data-reactid=\\"71\\">
              <p data-reactid=\\"72\\">Create a list of things you read and intend to read.</p>
              <a class=\\"btn btn-default\\" href=\\"/reads\\" role=\\"button\\" data-reactid=\\"73\\">Manage Reading List</a>
            </div>
          </div>
        </div>
        <div class=\\"col-md-4\\" data-reactid=\\"74\\">
          <div class=\\"panel panel-default\\" data-reactid=\\"75\\">
            <div class=\\"panel-heading\\" data-reactid=\\"76\\">
              <h3 class=\\"panel-title\\" data-reactid=\\"77\\">
                <a href=\\"/users\\" data-reactid=\\"78\\">&#x1F46B; Sorters</a>
              </h3>
            </div>
            <div class=\\"panel-body\\" data-reactid=\\"79\\">
              <p data-reactid=\\"80\\">See what other sorters are doing.</p>
              <a class=\\"btn btn-default\\" href=\\"/users\\" role=\\"button\\" data-reactid=\\"81\\">Sorters</a>
            </div>
          </div>
        </div>
        <div class=\\"col-md-4\\" data-reactid=\\"82\\">
          <div class=\\"panel panel-default\\" data-reactid=\\"83\\">
            <div class=\\"panel-heading\\" data-reactid=\\"84\\">
              <h3 class=\\"panel-title\\" data-reactid=\\"85\\">
                <a href=\\"https://discord.gg/6Q8v9Sm\\" data-reactid=\\"86\\">&#x1F5E9; Chat</a>
              </h3>
            </div>
            <div class=\\"panel-body\\" data-reactid=\\"87\\">
              <p data-reactid=\\"88\\">Chat with other sorters (a Discord channel).</p>
              <a class=\\"btn btn-default\\" href=\\"https://discord.gg/6Q8v9Sm\\" role=\\"button\\" data-reactid=\\"89\\">Chat</a>
            </div>
          </div>
        </div>
      </div>
      <div class=\\"row\\" data-reactid=\\"90\\">
        <div class=\\"col-md-4\\" data-reactid=\\"91\\">
          <div class=\\"panel panel-default\\" data-reactid=\\"92\\">
            <div class=\\"panel-heading\\" data-reactid=\\"93\\">
              <h3 class=\\"panel-title\\" data-reactid=\\"94\\">
                <a href=\\"/account\\" data-reactid=\\"95\\">&#x2699; Account</a>
              </h3>
            </div>
            <div class=\\"panel-body\\" data-reactid=\\"96\\">
              <p data-reactid=\\"97\\">Set your username, password etc.</p>
              <a class=\\"btn btn-default\\" href=\\"/account\\" role=\\"button\\" data-reactid=\\"98\\">Manage Account</a>
            </div>
          </div>
        </div>
      </div>
    </div>
    <footer data-reactid=\\"99\\">
      <div class=\\"container\\" data-reactid=\\"100\\">
        <hr data-reactid=\\"101\\">
        <p data-reactid=\\"102\\">
          <!-- react-text: 103 -->Brought to you with &#x2764; by
          <!-- /react-text -->
          <a href=\\"/about\\" data-reactid=\\"104\\">Nick Redmark</a>
          <!-- react-text: 105 -->. Support and discuss the development of this platform on
          <!-- /react-text -->
          <a href=\\"https://www.patreon.com/nickredmark\\" target=\\"_blank\\" data-reactid=\\"106\\">Patreon</a>
          <!-- react-text: 107 -->.
          <!-- /react-text -->
        </p>
      </div>
    </footer>
  </div>
</div>"
`;

exports[`dashboard redirects when unlogged 1`] = `
"<div data-reactroot=\\"\\" data-reactid=\\"1\\" data-react-checksum=\\"709617274\\">
  <div data-reactid=\\"2\\">
    <!-- react-empty: 3 -->
    <div style=\\"padding-top:50px;padding-bottom:20px;\\" data-reactid=\\"4\\">
      <nav class=\\"navbar navbar-inverse navbar-fixed-top\\" data-reactid=\\"5\\">
        <div class=\\"container\\" data-reactid=\\"6\\">
          <div class=\\"navbar-header\\" data-reactid=\\"7\\">
            <button type=\\"button\\" class=\\"navbar-toggle collapsed\\" data-toggle=\\"collapse\\" data-target=\\"#navbar\\" aria-expanded=\\"false\\" aria-controls=\\"navbar\\" data-reactid=\\"8\\"><span class=\\"sr-only\\" data-reactid=\\"9\\">Toggle navigation</span><span class=\\"icon-bar\\" data-reactid=\\"10\\"></span><span class=\\"icon-bar\\" data-reactid=\\"11\\"></span><span class=\\"icon-bar\\" data-reactid=\\"12\\"></span></button>
            <a class=\\"navbar-brand\\"
              href=\\"/\\" data-reactid=\\"13\\">Sorters Club</a>
          </div>
          <div id=\\"navbar\\" class=\\"collapse navbar-collapse\\" data-reactid=\\"14\\">
            <ul class=\\"nav navbar-nav navbar-right\\" data-reactid=\\"15\\">
              <li class=\\"false\\" data-reactid=\\"16\\">
                <a href=\\"/\\" data-reactid=\\"17\\">Home</a>
              </li>
              <li class=\\"false\\" data-reactid=\\"18\\">
                <a href=\\"/about\\" data-reactid=\\"19\\">About</a>
              </li>
              <li class=\\"false\\" data-reactid=\\"20\\">
                <a href=\\"/news\\" data-reactid=\\"21\\">News</a>
              </li>
              <li class=\\"false\\" data-reactid=\\"22\\">
                <a href=\\"/users\\" data-reactid=\\"23\\">Sorters</a>
              </li>
              <li class=\\"active\\" data-reactid=\\"24\\">
                <a href=\\"/dashboard\\" data-reactid=\\"25\\">Dashboard</a>
              </li>
              <li class=\\"false\\" data-reactid=\\"26\\">
                <a href=\\"/login\\" data-reactid=\\"27\\">Log in</a>
              </li>
              <li class=\\"false\\" data-reactid=\\"28\\">
                <a href=\\"/register\\" data-reactid=\\"29\\">Register</a>
              </li>
            </ul>
          </div>
        </div>
      </nav>
    </div>
    <div class=\\"container\\" data-reactid=\\"30\\">
      <p data-reactid=\\"31\\">You need to log in to see this page.</p>
    </div>
    <footer data-reactid=\\"32\\">
      <div class=\\"container\\" data-reactid=\\"33\\">
        <hr data-reactid=\\"34\\">
        <p data-reactid=\\"35\\">
          <!-- react-text: 36 -->Brought to you with &#x2764; by
          <!-- /react-text -->
          <a href=\\"/about\\" data-reactid=\\"37\\">Nick Redmark</a>
          <!-- react-text: 38 -->. Support and discuss the development of this platform on
          <!-- /react-text -->
          <a href=\\"https://www.patreon.com/nickredmark\\" target=\\"_blank\\" data-reactid=\\"39\\">Patreon</a>
          <!-- react-text: 40 -->.
          <!-- /react-text -->
        </p>
      </div>
    </footer>
  </div>
</div>"
`;
