// Jest Snapshot v1, https://goo.gl/fbAQLP

exports[`dashboard displays when logged 1`] = `
"<div data-reactroot=\\"\\" data-reactid=\\"1\\" data-react-checksum=\\"1778777711\\">
  <div data-reactid=\\"2\\">
    <!-- react-empty: 3 -->
    <div style=\\"padding-top:50px;padding-bottom:20px;\\" data-reactid=\\"4\\">
      <nav class=\\"navbar navbar-inverse navbar-fixed-top\\" data-reactid=\\"5\\">
        <div class=\\"container\\" data-reactid=\\"6\\">
          <div class=\\"navbar-header\\" data-reactid=\\"7\\">
            <button type=\\"button\\" class=\\"navbar-toggle collapsed\\" data-toggle=\\"collapse\\" data-target=\\"#navbar\\" aria-expanded=\\"false\\" aria-controls=\\"navbar\\" data-reactid=\\"8\\"><span class=\\"sr-only\\" data-reactid=\\"9\\">Toggle navigation</span><span class=\\"icon-bar\\" data-reactid=\\"10\\"></span><span class=\\"icon-bar\\" data-reactid=\\"11\\"></span><span class=\\"icon-bar\\" data-reactid=\\"12\\"></span></button>
            <a class=\\"navbar-brand\\"
              href=\\"/\\" data-reactid=\\"13\\">Sorters Club</a>
          </div>
          <div id=\\"navbar\\" class=\\"collapse navbar-collapse\\" data-reactid=\\"14\\">
            <ul class=\\"nav navbar-nav navbar-right\\" data-reactid=\\"15\\">
              <li class=\\"false\\" data-reactid=\\"16\\">
                <a href=\\"/\\" data-reactid=\\"17\\">Home</a>
              </li>
              <li class=\\"false\\" data-reactid=\\"18\\">
                <a href=\\"/about\\" data-reactid=\\"19\\">About</a>
              </li>
              <li class=\\"false\\" data-reactid=\\"20\\">
                <a href=\\"/news\\" data-reactid=\\"21\\">News</a>
              </li>
              <li class=\\"false\\" data-reactid=\\"22\\">
                <a href=\\"/users\\" data-reactid=\\"23\\">Sorters</a>
              </li>
              <li class=\\"active\\" data-reactid=\\"24\\">
                <a href=\\"/account\\" data-reactid=\\"25\\">Dashboard</a>
              </li>
              <li class=\\"dropdownfalse\\" data-reactid=\\"26\\">
                <a href=\\"#\\" class=\\"dropdown-toggle\\" data-toggle=\\"dropdown\\" role=\\"button\\" aria-haspopup=\\"true\\" aria-expanded=\\"true\\" data-reactid=\\"27\\">
                  <!-- react-text: 28 -->Hello,
                  <!-- /react-text -->
                  <!-- react-text: 29 -->test
                  <!-- /react-text -->
                  <!-- react-text: 30 -->
                  <!-- /react-text --><span class=\\"caret\\" data-reactid=\\"31\\"></span></a>
              </li>
            </ul>
          </div>
        </div>
      </nav>
    </div>
    <div class=\\"container\\" data-reactid=\\"32\\">
      <h1 data-reactid=\\"33\\">Dashboard</h1>
      <p data-reactid=\\"34\\">
        <!-- react-text: 35 -->Your profile can be found at
        <!-- /react-text -->
        <a href=\\"/u/test\\" data-reactid=\\"36\\">/u/test</a>
        <!-- react-text: 37 -->.
        <!-- /react-text -->
      </p>
      <div class=\\"alert alert-info\\" data-reactid=\\"38\\">
        <p data-reactid=\\"39\\">Thank you for joining sorters club! This is your dashboard. As the platform develops, you will find more features here.</p>
      </div>
      <div class=\\"row\\" data-reactid=\\"40\\">
        <div class=\\"col-md-4\\" data-reactid=\\"41\\">
          <div class=\\"panel panel-default\\" data-reactid=\\"42\\">
            <div class=\\"panel-heading\\" data-reactid=\\"43\\">
              <h3 class=\\"panel-title\\" data-reactid=\\"44\\">
                <a href=\\"/account/profile\\" data-reactid=\\"45\\">&#x1F464; Profile</a>
              </h3>
            </div>
            <div class=\\"panel-body\\" data-reactid=\\"46\\">
              <p data-reactid=\\"47\\">Edit your public profile.</p>
              <a class=\\"btn btn-default\\" href=\\"/account/profile\\" role=\\"button\\" data-reactid=\\"48\\">Manage profile</a>
            </div>
          </div>
        </div>
        <div class=\\"col-md-4\\" data-reactid=\\"49\\">
          <div class=\\"panel panel-default\\" data-reactid=\\"50\\">
            <div class=\\"panel-heading\\" data-reactid=\\"51\\">
              <h3 class=\\"panel-title\\" data-reactid=\\"52\\">
                <a href=\\"/account/goals\\" data-reactid=\\"53\\">&#x25CE; Goals</a>
              </h3>
            </div>
            <div class=\\"panel-body\\" data-reactid=\\"54\\">
              <p data-reactid=\\"55\\">Share your goals and leave updates.</p>
              <a class=\\"btn btn-default\\" href=\\"/account/goals\\" role=\\"button\\" data-reactid=\\"56\\">Manage goals</a>
            </div>
          </div>
        </div>
        <div class=\\"col-md-4\\" data-reactid=\\"57\\">
          <div class=\\"panel panel-default\\" data-reactid=\\"58\\">
            <div class=\\"panel-heading\\" data-reactid=\\"59\\">
              <h3 class=\\"panel-title\\" data-reactid=\\"60\\">
                <a href=\\"/account/journal\\" data-reactid=\\"61\\">&#x270E; Journal</a>
              </h3>
            </div>
            <div class=\\"panel-body\\" data-reactid=\\"62\\">
              <p data-reactid=\\"63\\">Write updates about your goals.</p>
              <a class=\\"btn btn-default\\" href=\\"/account/journal\\" role=\\"button\\" data-reactid=\\"64\\">Manage Journal</a>
            </div>
          </div>
        </div>
      </div>
      <div class=\\"row\\" data-reactid=\\"65\\">
        <div class=\\"col-md-4\\" data-reactid=\\"66\\">
          <div class=\\"panel panel-default\\" data-reactid=\\"67\\">
            <div class=\\"panel-heading\\" data-reactid=\\"68\\">
              <h3 class=\\"panel-title\\" data-reactid=\\"69\\">
                <a href=\\"/account/topics\\" data-reactid=\\"70\\"><span data-reactid=\\"71\\"><!-- react-text: 72 -->&#x1F4A1; Topics <!-- /react-text --><span class=\\"badge pull-right\\" data-reactid=\\"73\\">new</span></span>
                </a>
              </h3>
            </div>
            <div class=\\"panel-body\\" data-reactid=\\"74\\">
              <p data-reactid=\\"75\\">Share what topics you are interested in.</p>
              <a class=\\"btn btn-default\\" href=\\"/account/topics\\" role=\\"button\\" data-reactid=\\"76\\">Manage Topics</a>
            </div>
          </div>
        </div>
        <div class=\\"col-md-4\\" data-reactid=\\"77\\">
          <div class=\\"panel panel-default\\" data-reactid=\\"78\\">
            <div class=\\"panel-heading\\" data-reactid=\\"79\\">
              <h3 class=\\"panel-title\\" data-reactid=\\"80\\">
                <a href=\\"/account/essays\\" data-reactid=\\"81\\"><span data-reactid=\\"82\\"><!-- react-text: 83 -->&#x270E; Essays <!-- /react-text --><span class=\\"badge pull-right\\" data-reactid=\\"84\\">new</span></span>
                </a>
              </h3>
            </div>
            <div class=\\"panel-body\\" data-reactid=\\"85\\">
              <p data-reactid=\\"86\\">Write essays about the topics you are interested in or about the books you read.</p>
              <a class=\\"btn btn-default\\" href=\\"/account/essays\\" role=\\"button\\" data-reactid=\\"87\\">Manage Essays</a>
            </div>
          </div>
        </div>
        <div class=\\"col-md-4\\" data-reactid=\\"88\\">
          <div class=\\"panel panel-default\\" data-reactid=\\"89\\">
            <div class=\\"panel-heading\\" data-reactid=\\"90\\">
              <h3 class=\\"panel-title\\" data-reactid=\\"91\\">
                <a href=\\"/account/speeches\\" data-reactid=\\"92\\"><span data-reactid=\\"93\\"><!-- react-text: 94 -->&#x1F444; Speeches <!-- /react-text --><span class=\\"badge pull-right\\" data-reactid=\\"95\\">new</span></span>
                </a>
              </h3>
            </div>
            <div class=\\"panel-body\\" data-reactid=\\"96\\">
              <p data-reactid=\\"97\\">Give speeches about the topics you are interested in or about the books you read.</p>
              <a class=\\"btn btn-default\\" href=\\"/account/speeches\\" role=\\"button\\" data-reactid=\\"98\\">Manage Speeches</a>
            </div>
          </div>
        </div>
      </div>
      <div class=\\"row\\" data-reactid=\\"99\\">
        <div class=\\"col-md-4\\" data-reactid=\\"100\\">
          <div class=\\"panel panel-default\\" data-reactid=\\"101\\">
            <div class=\\"panel-heading\\" data-reactid=\\"102\\">
              <h3 class=\\"panel-title\\" data-reactid=\\"103\\">
                <a href=\\"/account/conversations\\" data-reactid=\\"104\\"><span data-reactid=\\"105\\"><!-- react-text: 106 -->&#x1F5E9; Conversations <!-- /react-text --><span class=\\"badge pull-right\\" data-reactid=\\"107\\">new</span></span>
                </a>
              </h3>
            </div>
            <div class=\\"panel-body\\" data-reactid=\\"108\\">
              <p data-reactid=\\"109\\">Have conversations with other sorters about topics you are interested in.</p>
              <a class=\\"btn btn-default\\" href=\\"/account/conversations\\" role=\\"button\\" data-reactid=\\"110\\">Start Conversations</a>
            </div>
          </div>
        </div>
        <div class=\\"col-md-4\\" data-reactid=\\"111\\">
          <div class=\\"panel panel-default\\" data-reactid=\\"112\\">
            <div class=\\"panel-heading\\" data-reactid=\\"113\\">
              <h3 class=\\"panel-title\\" data-reactid=\\"114\\">
                <a href=\\"/account/reads\\" data-reactid=\\"115\\">&#x1F4D6; Reading list</a>
              </h3>
            </div>
            <div class=\\"panel-body\\" data-reactid=\\"116\\">
              <p data-reactid=\\"117\\">Create a list of things you read and intend to read.</p>
              <a class=\\"btn btn-default\\" href=\\"/account/reads\\" role=\\"button\\" data-reactid=\\"118\\">Manage Reading List</a>
            </div>
          </div>
        </div>
        <div class=\\"col-md-4\\" data-reactid=\\"119\\">
          <div class=\\"panel panel-default\\" data-reactid=\\"120\\">
            <div class=\\"panel-heading\\" data-reactid=\\"121\\">
              <h3 class=\\"panel-title\\" data-reactid=\\"122\\">
                <a href=\\"/account/news\\" data-reactid=\\"123\\">&#x1F46B; Sorters</a>
              </h3>
            </div>
            <div class=\\"panel-body\\" data-reactid=\\"124\\">
              <p data-reactid=\\"125\\">See what other sorters are doing.</p>
              <a class=\\"btn btn-default\\" href=\\"/account/news\\" role=\\"button\\" data-reactid=\\"126\\">Sorters</a>
            </div>
          </div>
        </div>
      </div>
      <div class=\\"row\\" data-reactid=\\"127\\">
        <div class=\\"col-md-4\\" data-reactid=\\"128\\">
          <div class=\\"panel panel-default\\" data-reactid=\\"129\\">
            <div class=\\"panel-heading\\" data-reactid=\\"130\\">
              <h3 class=\\"panel-title\\" data-reactid=\\"131\\">
                <a href=\\"https://discord.gg/6Q8v9Sm\\" data-reactid=\\"132\\">&#x1F5E9; Chat</a>
              </h3>
            </div>
            <div class=\\"panel-body\\" data-reactid=\\"133\\">
              <p data-reactid=\\"134\\">Chat with other sorters (a Discord channel).</p>
              <a class=\\"btn btn-default\\" href=\\"https://discord.gg/6Q8v9Sm\\" target=\\"_blank\\" role=\\"button\\" data-reactid=\\"135\\">Chat</a>
            </div>
          </div>
        </div>
        <div class=\\"col-md-4\\" data-reactid=\\"136\\">
          <div class=\\"panel panel-default\\" data-reactid=\\"137\\">
            <div class=\\"panel-heading\\" data-reactid=\\"138\\">
              <h3 class=\\"panel-title\\" data-reactid=\\"139\\">
                <a href=\\"/account/account\\" data-reactid=\\"140\\">&#x2699; Account</a>
              </h3>
            </div>
            <div class=\\"panel-body\\" data-reactid=\\"141\\">
              <p data-reactid=\\"142\\">Set your username, password etc.</p>
              <a class=\\"btn btn-default\\" href=\\"/account/account\\" role=\\"button\\" data-reactid=\\"143\\">Manage Account</a>
            </div>
          </div>
        </div>
      </div>
    </div>
    <footer data-reactid=\\"144\\">
      <div class=\\"container\\" data-reactid=\\"145\\">
        <hr data-reactid=\\"146\\">
        <p data-reactid=\\"147\\">
          <!-- react-text: 148 -->Brought to you with &#x2764; by
          <!-- /react-text -->
          <a href=\\"/about\\" data-reactid=\\"149\\">Nick Redmark</a>
          <!-- react-text: 150 -->. Support this platform on
          <!-- /react-text -->
          <a href=\\"https://www.patreon.com/nickredmark\\" target=\\"_blank\\" data-reactid=\\"151\\">Patreon</a>
          <!-- react-text: 152 -->.
          <!-- /react-text -->
        </p>
      </div>
    </footer>
  </div>
</div>"
`;

exports[`dashboard redirects when unlogged 1`] = `
"<div data-reactroot=\\"\\" data-reactid=\\"1\\" data-react-checksum=\\"453237301\\">
  <div data-reactid=\\"2\\">
    <!-- react-empty: 3 -->
    <div style=\\"padding-top:50px;padding-bottom:20px;\\" data-reactid=\\"4\\">
      <nav class=\\"navbar navbar-inverse navbar-fixed-top\\" data-reactid=\\"5\\">
        <div class=\\"container\\" data-reactid=\\"6\\">
          <div class=\\"navbar-header\\" data-reactid=\\"7\\">
            <button type=\\"button\\" class=\\"navbar-toggle collapsed\\" data-toggle=\\"collapse\\" data-target=\\"#navbar\\" aria-expanded=\\"false\\" aria-controls=\\"navbar\\" data-reactid=\\"8\\"><span class=\\"sr-only\\" data-reactid=\\"9\\">Toggle navigation</span><span class=\\"icon-bar\\" data-reactid=\\"10\\"></span><span class=\\"icon-bar\\" data-reactid=\\"11\\"></span><span class=\\"icon-bar\\" data-reactid=\\"12\\"></span></button>
            <a class=\\"navbar-brand\\"
              href=\\"/\\" data-reactid=\\"13\\">Sorters Club</a>
          </div>
          <div id=\\"navbar\\" class=\\"collapse navbar-collapse\\" data-reactid=\\"14\\">
            <ul class=\\"nav navbar-nav navbar-right\\" data-reactid=\\"15\\">
              <li class=\\"false\\" data-reactid=\\"16\\">
                <a href=\\"/\\" data-reactid=\\"17\\">Home</a>
              </li>
              <li class=\\"false\\" data-reactid=\\"18\\">
                <a href=\\"/about\\" data-reactid=\\"19\\">About</a>
              </li>
              <li class=\\"false\\" data-reactid=\\"20\\">
                <a href=\\"/news\\" data-reactid=\\"21\\">News</a>
              </li>
              <li class=\\"false\\" data-reactid=\\"22\\">
                <a href=\\"/users\\" data-reactid=\\"23\\">Sorters</a>
              </li>
              <li class=\\"active\\" data-reactid=\\"24\\">
                <a href=\\"/account\\" data-reactid=\\"25\\">Dashboard</a>
              </li>
              <li class=\\"false\\" data-reactid=\\"26\\">
                <a href=\\"/login\\" data-reactid=\\"27\\">Log in</a>
              </li>
              <li class=\\"false\\" data-reactid=\\"28\\">
                <a href=\\"/register\\" data-reactid=\\"29\\">Register</a>
              </li>
            </ul>
          </div>
        </div>
      </nav>
    </div>
    <div class=\\"container\\" data-reactid=\\"30\\">
      <p data-reactid=\\"31\\">You need to log in to see this page.</p>
    </div>
    <footer data-reactid=\\"32\\">
      <div class=\\"container\\" data-reactid=\\"33\\">
        <hr data-reactid=\\"34\\">
        <p data-reactid=\\"35\\">
          <!-- react-text: 36 -->Brought to you with &#x2764; by
          <!-- /react-text -->
          <a href=\\"/about\\" data-reactid=\\"37\\">Nick Redmark</a>
          <!-- react-text: 38 -->. Support this platform on
          <!-- /react-text -->
          <a href=\\"https://www.patreon.com/nickredmark\\" target=\\"_blank\\" data-reactid=\\"39\\">Patreon</a>
          <!-- react-text: 40 -->.
          <!-- /react-text -->
        </p>
      </div>
    </footer>
  </div>
</div>"
`;
