// Jest Snapshot v1, https://goo.gl/fbAQLP

exports[`index displays 1`] = `
"<div data-reactroot=\\"\\" data-reactid=\\"1\\" data-react-checksum=\\"-1561760178\\">
  <div data-reactid=\\"2\\">
    <!-- react-empty: 3 -->
    <div style=\\"padding-top:50px;padding-bottom:20px;\\" data-reactid=\\"4\\">
      <nav class=\\"navbar navbar-inverse navbar-fixed-top\\" data-reactid=\\"5\\">
        <div class=\\"container\\" data-reactid=\\"6\\">
          <div class=\\"navbar-header\\" data-reactid=\\"7\\">
            <button type=\\"button\\" class=\\"navbar-toggle collapsed\\" data-toggle=\\"collapse\\" data-target=\\"#navbar\\" aria-expanded=\\"false\\" aria-controls=\\"navbar\\" data-reactid=\\"8\\"><span class=\\"sr-only\\" data-reactid=\\"9\\">Toggle navigation</span><span class=\\"icon-bar\\" data-reactid=\\"10\\"></span><span class=\\"icon-bar\\" data-reactid=\\"11\\"></span><span class=\\"icon-bar\\" data-reactid=\\"12\\"></span></button>
            <a class=\\"navbar-brand\\"
              href=\\"/\\" data-reactid=\\"13\\">Sorters Club</a>
          </div>
          <div id=\\"navbar\\" class=\\"collapse navbar-collapse\\" data-reactid=\\"14\\">
            <ul class=\\"nav navbar-nav navbar-right\\" data-reactid=\\"15\\">
              <li class=\\"active\\" data-reactid=\\"16\\">
                <a href=\\"/\\" data-reactid=\\"17\\">Home</a>
              </li>
              <li class=\\"false\\" data-reactid=\\"18\\">
                <a href=\\"/about\\" data-reactid=\\"19\\">About</a>
              </li>
              <li class=\\"false\\" data-reactid=\\"20\\">
                <a href=\\"/news\\" data-reactid=\\"21\\">News</a>
              </li>
              <li class=\\"false\\" data-reactid=\\"22\\">
                <a href=\\"/users\\" data-reactid=\\"23\\">Sorters</a>
              </li>
              <li class=\\"false\\" data-reactid=\\"24\\">
                <a href=\\"/dashboard\\" data-reactid=\\"25\\">Dashboard</a>
              </li>
              <li class=\\"dropdownfalse\\" data-reactid=\\"26\\">
                <a href=\\"#\\" class=\\"dropdown-toggle\\" data-toggle=\\"dropdown\\" role=\\"button\\" aria-haspopup=\\"true\\" aria-expanded=\\"true\\" data-reactid=\\"27\\">
                  <!-- react-text: 28 -->Hello,
                  <!-- /react-text -->
                  <!-- react-text: 29 -->test
                  <!-- /react-text -->
                  <!-- react-text: 30 -->
                  <!-- /react-text --><span class=\\"caret\\" data-reactid=\\"31\\"></span></a>
              </li>
            </ul>
          </div>
        </div>
      </nav>
    </div>
    <div class=\\"container\\" data-reactid=\\"32\\">
      <div class=\\"jumbotron\\" data-reactid=\\"33\\">
        <h1 data-reactid=\\"34\\">Sort yourself out!</h1>
        <p data-reactid=\\"35\\">Join the community of people who like Prof. Jordan Peterson&apos;s advice and want to sort themselves out!</p>
        <div style=\\"max-width:100%;width:480px;margin:auto;margin-bottom:24px;\\" data-reactid=\\"36\\">
          <div style=\\"position:relative;height:0;overflow:hidden;max-width:100%;padding-bottom:56.25%;\\" data-reactid=\\"37\\">
            <iframe frameborder=\\"0\\" src=\\"https://www.youtube.com/embed/3Z7t92_3ESE\\" style=\\"position:absolute;top:0;left:0;width:100%;height:100%;\\" data-reactid=\\"38\\"></iframe>
          </div>
        </div>
        <p data-reactid=\\"39\\">
          <a class=\\"btn btn-primary btn-lg\\" href=\\"/about\\" role=\\"button\\" data-reactid=\\"40\\">Learn more &#xBB;</a>
        </p>
      </div>
      <div class=\\"row\\" data-reactid=\\"41\\">
        <div class=\\"col-md-4\\" data-reactid=\\"42\\">
          <h2 data-reactid=\\"43\\">Follow other sorters</h2>
          <p data-reactid=\\"44\\">Peterson started a movement of people who want to change the world by starting from themselves. See what&apos;s happening in the sorter community.</p>
          <p data-reactid=\\"45\\">
            <a class=\\"btn btn-default\\" href=\\"/users\\" role=\\"button\\" data-reactid=\\"46\\">See community &#xBB;</a>
          </p>
        </div>
        <div class=\\"col-md-4\\" data-reactid=\\"47\\">
          <h2 data-reactid=\\"48\\">Share your goals</h2>
          <p data-reactid=\\"49\\">Orient yourself towards the best possible good. Whether you have done the self-authoring suite (recommended) or not, here you can share your vision with the community.</p>
          <p data-reactid=\\"50\\">
            <a class=\\"btn btn-default\\" href=\\"/register\\" role=\\"button\\" data-reactid=\\"51\\">Register &#xBB;</a>
          </p>
        </div>
        <div class=\\"col-md-4\\" data-reactid=\\"52\\">
          <h2 data-reactid=\\"53\\">Read, write, speak</h2>
          <p data-reactid=\\"54\\">Rescue your father from the belly of the beast by reading the great works of your culture. Become articulate by writing and speaking about them. Share it all in your reading list.</p>
          <p data-reactid=\\"55\\">
            <a class=\\"btn btn-default\\" href=\\"/u/nmaro\\" role=\\"button\\" data-reactid=\\"56\\">See an example &#xBB;</a>
          </p>
        </div>
      </div>
      <div class=\\"row\\" data-reactid=\\"57\\">
        <div class=\\"col-md-4\\" data-reactid=\\"58\\">
          <h2 data-reactid=\\"59\\">Begin the sorter journey</h2>
          <p data-reactid=\\"60\\">Share your progress as you clean your room and learn to read, write and speak, all the while rescuing your father from the underworld.</p>
          <p data-reactid=\\"61\\">
            <a class=\\"btn btn-default\\" href=\\"/register\\" role=\\"button\\" data-reactid=\\"62\\">Register &#xBB;</a>
          </p>
        </div>
        <div class=\\"col-md-4\\" data-reactid=\\"63\\">
          <h2 data-reactid=\\"64\\">Free and open source</h2>
          <p data-reactid=\\"65\\">You can use this platform freely. If you are a coder you can even contribute to its development on GitHub.</p>
          <p data-reactid=\\"66\\">
            <a class=\\"btn btn-default\\" href=\\"https://github.com/nmaro/sorters\\" role=\\"button\\" target=\\"_blank\\" data-reactid=\\"67\\">Source code &#xBB;</a>
          </p>
        </div>
        <div class=\\"col-md-4\\" data-reactid=\\"68\\">
          <h2 data-reactid=\\"69\\">Support on Patreon</h2>
          <p data-reactid=\\"70\\">Become a supporter and discuss the development of Sorters Club on Patreon.</p>
          <p data-reactid=\\"71\\">
            <a class=\\"btn btn-default\\" href=\\"https://www.patreon.com/nickredmark\\" role=\\"button\\" target=\\"_blank\\" data-reactid=\\"72\\">Support &#xBB;</a>
          </p>
        </div>
      </div>
      <div class=\\"row\\" data-reactid=\\"73\\">
        <div class=\\"col-xs-12\\" data-reactid=\\"74\\">
          <h2 data-reactid=\\"75\\">Latest news</h2>
          <div data-reactid=\\"76\\">
            <div data-reactid=\\"77\\">
              <div style=\\"margin-bottom:24px;display:flex;\\" data-reactid=\\"78\\">
                <div data-reactid=\\"79\\">
                  <a href=\\"/u/test\\" data-reactid=\\"80\\">
                    <img alt=\\"Gravatar for undefined\\" style=\\"margin-right:24px;\\" src=\\"//www.gravatar.com/avatar/23463b99b62a72f26ed677cc556c44e8?d=retro&amp;r=g&amp;s=75\\" srcset=\\"//www.gravatar.com/avatar/23463b99b62a72f26ed677cc556c44e8?d=retro&amp;r=g&amp;s=150 2x\\"
                      height=\\"75\\" width=\\"75\\" class=\\"react-gravatar\\" data-reactid=\\"81\\">
                  </a>
                </div>
                <div data-reactid=\\"82\\">
                  <h4 style=\\"margin-top:0;\\" data-reactid=\\"83\\">
                    <a href=\\"/u/test\\" data-reactid=\\"84\\">Test User</a>
                  </h4>
                  <ul style=\\"padding-left:0;list-style-position:inside;\\" data-reactid=\\"85\\">
                    <li data-reactid=\\"86\\">
                      <!-- react-text: 87 -->&#x1F464; Updated
                      <!-- /react-text -->
                      <a href=\\"/u/test/profile\\" data-reactid=\\"88\\">profile</a><span data-reactid=\\"89\\"><!-- react-text: 90 -->: <!-- /react-text --><span data-reactid=\\"91\\"><!-- react-text: 92 --><!-- /react-text --><!-- react-text: 93 -->Name<!-- /react-text --></span><span data-reactid=\\"94\\"><!-- react-text: 95 -->, <!-- /react-text --><!-- react-text: 96 -->About<!-- /react-text --></span>
                      <span
                        data-reactid=\\"97\\">
                        <!-- react-text: 98 -->,
                        <!-- /react-text -->
                        <!-- react-text: 99 -->Bio
                        <!-- /react-text -->
                        </span><span data-reactid=\\"100\\"><!-- react-text: 101 -->, <!-- /react-text --><!-- react-text: 102 -->Website<!-- /react-text --></span><span data-reactid=\\"103\\"><!-- react-text: 104 -->, <!-- /react-text --><!-- react-text: 105 -->Blog<!-- /react-text --></span>
                        <span
                          data-reactid=\\"106\\">
                          <!-- react-text: 107 -->,
                          <!-- /react-text -->
                          <!-- react-text: 108 -->Youtube
                          <!-- /react-text -->
                          </span><span data-reactid=\\"109\\"><!-- react-text: 110 -->, <!-- /react-text --><!-- react-text: 111 -->Twitter<!-- /react-text --></span><span data-reactid=\\"112\\"><!-- react-text: 113 -->, <!-- /react-text --><!-- react-text: 114 -->Reddit<!-- /react-text --></span>
                          <span
                            data-reactid=\\"115\\">
                            <!-- react-text: 116 -->,
                            <!-- /react-text -->
                            <!-- react-text: 117 -->Patreon
                            <!-- /react-text -->
                            </span><span data-reactid=\\"118\\"><!-- react-text: 119 -->, <!-- /react-text --><!-- react-text: 120 -->Gender<!-- /react-text --></span><span data-reactid=\\"121\\"><!-- react-text: 122 -->, <!-- /react-text --><!-- react-text: 123 -->City<!-- /react-text --></span>
                            <span
                              data-reactid=\\"124\\">
                              <!-- react-text: 125 -->,
                              <!-- /react-text -->
                              <!-- react-text: 126 -->Country
                              <!-- /react-text -->
                              </span><span data-reactid=\\"127\\"><!-- react-text: 128 -->, <!-- /react-text --><!-- react-text: 129 -->Agreeableness<!-- /react-text --></span><span data-reactid=\\"130\\"><!-- react-text: 131 -->, <!-- /react-text --><!-- react-text: 132 -->Compassion<!-- /react-text --></span>
                              <span
                                data-reactid=\\"133\\">
                                <!-- react-text: 134 -->,
                                <!-- /react-text -->
                                <!-- react-text: 135 -->Politeness
                                <!-- /react-text -->
                                </span><span data-reactid=\\"136\\"><!-- react-text: 137 -->, <!-- /react-text --><!-- react-text: 138 -->Conscientiousness<!-- /react-text --></span><span data-reactid=\\"139\\"><!-- react-text: 140 -->, <!-- /react-text --><!-- react-text: 141 -->Industriousness<!-- /react-text --></span>
                                <span
                                  data-reactid=\\"142\\">
                                  <!-- react-text: 143 -->,
                                  <!-- /react-text -->
                                  <!-- react-text: 144 -->Orderliness
                                  <!-- /react-text -->
                                  </span><span data-reactid=\\"145\\"><!-- react-text: 146 -->, <!-- /react-text --><!-- react-text: 147 -->Extraversion<!-- /react-text --></span><span data-reactid=\\"148\\"><!-- react-text: 149 -->, <!-- /react-text --><!-- react-text: 150 -->Enthusiasm<!-- /react-text --></span>
                                  <span
                                    data-reactid=\\"151\\">
                                    <!-- react-text: 152 -->,
                                    <!-- /react-text -->
                                    <!-- react-text: 153 -->Assortiveness
                                    <!-- /react-text -->
                                    </span><span data-reactid=\\"154\\"><!-- react-text: 155 -->, <!-- /react-text --><!-- react-text: 156 -->Neuroticism<!-- /react-text --></span><span data-reactid=\\"157\\"><!-- react-text: 158 -->, <!-- /react-text --><!-- react-text: 159 -->Withdrawal<!-- /react-text --></span>
                                    <span
                                      data-reactid=\\"160\\">
                                      <!-- react-text: 161 -->,
                                      <!-- /react-text -->
                                      <!-- react-text: 162 -->Volatility
                                      <!-- /react-text -->
                                      </span><span data-reactid=\\"163\\"><!-- react-text: 164 -->, <!-- /react-text --><!-- react-text: 165 -->Openness to Experience<!-- /react-text --></span><span data-reactid=\\"166\\"><!-- react-text: 167 -->, <!-- /react-text --><!-- react-text: 168 -->Intellect<!-- /react-text --></span>
                                      <span
                                        data-reactid=\\"169\\">
                                        <!-- react-text: 170 -->,
                                        <!-- /react-text -->
                                        <!-- react-text: 171 -->Openness
                                        <!-- /react-text -->
                                        </span>
                                        </span>
                                        <!-- react-text: 172 -->.
                                        <!-- /react-text -->
                    </li>
                    <li data-reactid=\\"173\\">
                      <!-- react-text: 174 -->&#x2714; Completed
                      <!-- /react-text -->
                      <!-- react-text: 175 -->Past authoring
                      <!-- /react-text -->
                    </li>
                    <li data-reactid=\\"176\\">
                      <!-- react-text: 177 -->&#x2714; Completed
                      <!-- /react-text -->
                      <!-- react-text: 178 -->Present faults authoring
                      <!-- /react-text -->
                    </li>
                    <li data-reactid=\\"179\\">
                      <!-- react-text: 180 -->&#x2714; Completed
                      <!-- /react-text -->
                      <!-- react-text: 181 -->Present virtues authoring
                      <!-- /react-text -->
                    </li>
                    <li data-reactid=\\"182\\">
                      <!-- react-text: 183 -->&#x2714; Completed
                      <!-- /react-text -->
                      <!-- react-text: 184 -->Future authoring
                      <!-- /react-text -->
                    </li>
                    <li data-reactid=\\"185\\">
                      <!-- react-text: 186 -->&#x2714; Completed
                      <!-- /react-text -->
                      <!-- react-text: 187 -->Understand myself
                      <!-- /react-text -->
                    </li>
                    <li data-reactid=\\"188\\">
                      <!-- react-text: 189 -->&#x25CE; Updated
                      <!-- /react-text -->
                      <a href=\\"/u/test/goals\\" data-reactid=\\"190\\">goals description</a>
                      <!-- react-text: 191 -->.
                      <!-- /react-text -->
                    </li>
                    <li data-reactid=\\"192\\">
                      <!-- react-text: 193 -->&#x25CE; Wants to achieve
                      <!-- /react-text --><span data-reactid=\\"194\\"><!-- react-text: 195 --> <!-- /react-text --><em data-reactid=\\"196\\">Goal</em></span><span data-reactid=\\"197\\"><!-- react-text: 198 -->, <!-- /react-text --><em data-reactid=\\"199\\">Goal - doing</em></span>
                      <span
                        data-reactid=\\"200\\">
                        <!-- react-text: 201 -->,
                        <!-- /react-text --><em data-reactid=\\"202\\">Goal - done</em></span>
                    </li>
                    <li data-reactid=\\"203\\">
                      <!-- react-text: 204 -->&#x1F4D6; Updated
                      <!-- /react-text -->
                      <a href=\\"/u/test/reads\\" data-reactid=\\"205\\">reading list description</a>
                      <!-- react-text: 206 -->.
                      <!-- /react-text -->
                    </li>
                    <li data-reactid=\\"207\\">
                      <!-- react-text: 208 -->&#x1F4D6; Added books to
                      <!-- /react-text -->
                      <a href=\\"/u/test/reads\\" data-reactid=\\"209\\">reading list</a>
                      <!-- react-text: 210 -->:
                      <!-- /react-text --><span data-reactid=\\"211\\"><!-- react-text: 212 --> <!-- /react-text --><em data-reactid=\\"213\\">Read</em></span><span data-reactid=\\"214\\"><!-- react-text: 215 -->, <!-- /react-text --><em data-reactid=\\"216\\">Read - read</em></span>
                      <span
                        data-reactid=\\"217\\">
                        <!-- react-text: 218 -->,
                        <!-- /react-text --><em data-reactid=\\"219\\">Read - reading</em></span>
                    </li>
                  </ul>
                </div>
              </div>
            </div>
          </div>
          <p data-reactid=\\"220\\">
            <a href=\\"/news\\" data-reactid=\\"221\\">More news</a>
          </p>
        </div>
      </div>
    </div>
    <footer data-reactid=\\"222\\">
      <div class=\\"container\\" data-reactid=\\"223\\">
        <hr data-reactid=\\"224\\">
        <p data-reactid=\\"225\\">
          <!-- react-text: 226 -->Brought to you with &#x2764; by
          <!-- /react-text -->
          <a href=\\"/about\\" data-reactid=\\"227\\">Nick Redmark</a>
          <!-- react-text: 228 -->. Support and discuss the development of this platform on
          <!-- /react-text -->
          <a href=\\"https://www.patreon.com/nickredmark\\" target=\\"_blank\\" data-reactid=\\"229\\">Patreon</a>
          <!-- react-text: 230 -->.
          <!-- /react-text -->
        </p>
      </div>
    </footer>
  </div>
</div>"
`;
